// Jest Snapshot v1, https://goo.gl/fbAQLP

exports[`render correctly FibNumber component 1`] = `
<div
  className="fib-number"
>
  <p />
</div>
`;
